current directory: /home/vasu/code/vasu20/vendor/bundle/ruby/3.3.0/gems/http_parser.rb-0.8.0/ext/ruby_http_parser
/home/vasu/.rbenv/versions/3.3.4/bin/ruby extconf.rb
creating Makefile

current directory: /home/vasu/code/vasu20/vendor/bundle/ruby/3.3.0/gems/http_parser.rb-0.8.0/ext/ruby_http_parser
make DESTDIR\= sitearchdir\=./.gem.20250914-38227-4xrk1e sitelibdir\=./.gem.20250914-38227-4xrk1e clean

current directory: /home/vasu/code/vasu20/vendor/bundle/ruby/3.3.0/gems/http_parser.rb-0.8.0/ext/ruby_http_parser
make DESTDIR\= sitearchdir\=./.gem.20250914-38227-4xrk1e sitelibdir\=./.gem.20250914-38227-4xrk1e
compiling ruby_http_parser.c
ruby_http_parser.c: In function ‘Parser_execute’:
ruby_http_parser.c:365:17: warning: comparison of integer expressions of different signedness: ‘size_t’ {aka ‘long unsigned int’} and ‘long int’ [-Wsign-compare]
  365 |     if (nparsed < len)
      |                 ^
ruby_http_parser.c: In function ‘Init_ruby_http_parser’:
ruby_http_parser.c:507:6: warning: old-style function definition [-Wold-style-definition]
  507 | void Init_ruby_http_parser() {
      |      ^~~~~~~~~~~~~~~~~~~~~
ruby_http_parser.c: At top level:
cc1: note: unrecognized command-line option ‘-Wno-self-assign’ may have been intended to silence earlier diagnostics
cc1: note: unrecognized command-line option ‘-Wno-parentheses-equality’ may have been intended to silence earlier diagnostics
cc1: note: unrecognized command-line option ‘-Wno-constant-logical-operand’ may have been intended to silence earlier diagnostics
compiling ryah_http_parser.c
linking shared-object ruby_http_parser.so

current directory: /home/vasu/code/vasu20/vendor/bundle/ruby/3.3.0/gems/http_parser.rb-0.8.0/ext/ruby_http_parser
make DESTDIR\= sitearchdir\=./.gem.20250914-38227-4xrk1e sitelibdir\=./.gem.20250914-38227-4xrk1e install
/usr/bin/install -c -m 0755 ruby_http_parser.so ./.gem.20250914-38227-4xrk1e

current directory: /home/vasu/code/vasu20/vendor/bundle/ruby/3.3.0/gems/http_parser.rb-0.8.0/ext/ruby_http_parser
make DESTDIR\= sitearchdir\=./.gem.20250914-38227-4xrk1e sitelibdir\=./.gem.20250914-38227-4xrk1e clean
